l A -1 3.2767999999761581
-> 16_75711bebe2360a40
-> "3.276799999976158e0" (decimal approximation)
-> "3.276799999976158"
-> "3.276799999976158d0"

