m NearestElseEven
-> "NearestElseEven"

r F 0 -2	# "-2",          ditto + ".0"
-> "-2"
-> "-2.0"

r F 0 3e1	# "30",          ditto + ".0"
-> "30"
-> "30.0"

r F 0 8.72e10	# "87200000000", ditto + ".0"
-> "87200000000"
-> "87200000000.0"

l F 0 -2	# "-2",          ditto + ".0d0"
-> "-2"
-> "-2.0d0"

l F 0 3e1	# "30",          ditto + ".0d0"
-> "30"
-> "30.0d0"

l F 0 8.72e10	# "87200000000", ditto + ".0d0"
-> "87200000000"
-> "87200000000.0d0"

r F 1 -2	# "-2.0",     ditto
-> "-2.0"
-> "-2.0"

r F 4 1.5e2	# "150.0000", ditto
-> "150.0000"
-> "150.0000"

r F 4 1.5e1	# "15.0000",  ditto
-> "15.0000"
-> "15.0000"

r F 4 1.5e0	# "1.5000",   ditto
-> "1.5000"
-> "1.5000"

r F 4 1.5e-1	# "0.1500",   ditto
-> "0.1500"
-> "0.1500"

r F 4 1.5e-2	# "0.0150",   ditto
-> "0.0150"
-> "0.0150"

r F 4 1.5e-3	# "0.0015",   ditto
-> "0.0015"
-> "0.0015"

l F 4 1.5e2	# "150.0000", ditto + "d0"
-> "150.0000"
-> "150.0000d0"

l F 4 1.5e1	# "15.0000",  ditto + "d0"
-> "15.0000"
-> "15.0000d0"

l F 4 1.5e0	# "1.5000",   ditto + "d0"
-> "1.5000"
-> "1.5000d0"

l F 4 1.5e-1	# "0.1500",   ditto + "d0"
-> "0.1500"
-> "0.1500d0"

l F 4 1.5e-2	# "0.0150",   ditto + "d0"
-> "0.0150"
-> "0.0150d0"

l F 4 1.5e-3	# "0.0015",   ditto + "d0"
-> "0.0015"
-> "0.0015d0"

r F 20 2.56e25  # "25600000000000000000000000.00000000000000000000", ditto
-> "25600000000000000000000000.00000000000000000000"
-> "25600000000000000000000000.00000000000000000000"

r F 20 2.56e3	# "2560.00000000000000000000",   ditto
-> "2560.00000000000000000000"
-> "2560.00000000000000000000"

r F 25 2.56e-2	# "0.0256000000000000000000000", ditto
-> "0.0256000000000000000000000"
-> "0.0256000000000000000000000"

r F 25 2.56e-22	# "0.0000000000000000000002560", ditto
-> "0.0000000000000000000002560"
-> "0.0000000000000000000002560"

l F 20 2.56e3	# "2560.00000000000000000000",   ditto + "d0"
-> "2560.00000000000000000000"
-> "2560.00000000000000000000d0"

l F 25 2.56e-2	# "0.0256000000000000000000000", ditto + "d0"
-> "0.0256000000000000000000000"
-> "0.0256000000000000000000000d0"

l F 25 2.56e-22	# "0.0000000000000000000002560", ditto + "d0"
-> "0.0000000000000000000002560"
-> "0.0000000000000000000002560d0"

e F 20 2.56e3	# "2560.00000000000000000000",   ditto + "x0"
-> "2560.00000000000000000000"
-> "2560.00000000000000000000x0"

e F 25 2.56e-2	# "0.0256000000000000000000000", ditto + "x0"
-> "0.0256000000000000000000000"
-> "0.0256000000000000000000000x0"

e F 25 2.56e-22	# "0.0000000000000000000002560", ditto + "x0"
-> "0.0000000000000000000002560"
-> "0.0000000000000000000002560x0"

