i   2147483647	# "2147483647"
-> "2147483647"

i   -2147483648	# "-2147483648"
-> "-2147483648"

i   0		# "0"
-> "0"

i   1		# "1"
-> "1"

i   -1		# "-1"
-> "-1"

i 0099999	# "99999"
-> "99999"

i2  1010001	# "1010001"
-> "1010001"

i16 7FFFFFFF	# "7fffffff"
-> "7fffffff"

u   0		# "0"
-> "0"

u   FFFFFFFF	# "ffffffff"
-> "ffffffff"

u   ABCDEF	# "abcdef"
-> "abcdef"

u 00A2		# "a2"
-> "a2"

u   123ABC	# "123abc"
-> "123abc"

u10 123		# "123"
-> "123"

u2  101101	# "101101"
-> "101101"

u3  120120	# "120120"
-> "120120"

