b true		# => TRUE
-> TRUE

b TRUE		# => TRUE
-> TRUE

b TrUe		# => TRUE
-> TRUE

b false		# => FALSE
-> FALSE

b FALSE		# => FALSE
-> FALSE

b FaLsE		# => FALSE
-> FALSE

i +5		# => 5
-> 5

i -52		# => -52
-> -52

i 2_101		# => 5
-> 5

I 3 10_12	# => 3_110
-> 3_110

i -2_1010	# => -10
-> -10

I 2 -1010	# => -2_1010
-> -2_1010

i 8_000377	# => 255
-> 255

i 15_789ABC	# => 5753427
-> 5753427

I 15 789ABC     # => 15_789abc
-> 15_789abc

i 16_00Ff	# => 255
-> 255

u 00fF		# => ff
-> ff

u 100		# => 100
-> 100

u A		# => a
-> a

u 2_1010	# => a
-> a

u 10_255	# => ff
-> ff

r 1		# => 1.E0
-> 1.0

r -1		# => -1.E0
-> -1.0

r .5		# => 5.E-1
-> 0.5

r .0		# => 0.E0
-> 0.0

r 0.0		# => 0.E0
-> 0.0

r 0.		# => 0.E0
-> 0.0

r 1.0e2 	# => 1.E2
-> 100.0

r 0.5		# => 0.5
-> 0.5

l 1.5e20
-> 1.5D20

l -1.5e20
-> -1.5D20

l -1.5e-20
-> -0.00000000000000000002D0

r 1.5e3		# => 1.5E3
-> 1500.0

r 1.5E3		# => 1.5E3
-> 1500.0

r 1.5d3		# => 1.5E3
-> 1500.0

r 1.5D3		# => 1.5E3
-> 1500.0

r 1.5x3		# => 1.5E3
-> 1500.0

r 1.5X3		# => 1.5E3
-> 1500.0

l 1.5e3		# => 1.5D3
-> 1500.0D0

l 1.5E3		# => 1.5D3
-> 1500.0D0

l 1.5d3		# => 1.5D3
-> 1500.0D0

l 1.5D3		# => 1.5D3
-> 1500.0D0

l 1.5x3		# => 1.5D3
-> 1500.0D0

l 1.5X3		# => 1.5D3
-> 1500.0D0

e 1.5e3		# => 1.5D3
-> 1500.0X0

e 1.5E3		# => 1.5D3
-> 1500.0X0

e 1.5d3		# => 1.5D3
-> 1500.0X0

e 1.5D3		# => 1.5D3
-> 1500.0X0

e 1.5x3		# => 1.5D3
-> 1500.0X0

e 1.5X3		# => 1.5D3
-> 1500.0X0

