d 50
-> Digits := 50

r 1.1920928955078125e-6				# = lo
-> 1.1920928955078125E-6

r 1.1920930091946502216160297393798828125e-6	# = hi
-> 1.1920930091946502216160297393798828125E-6

r 1.19209295235123136080801486968994140624e-6	# avg-epsilon => lo
-> 1.1920928955078125E-6

r 1.19209295235123136080801486968994140626e-6	# avg+epsilon => hi
-> 1.1920930091946502216160297393798828125E-6

d 70
-> Digits := 70

l 1.1920928955078125e-6								# = lo
-> 1.1920928955078125D-6

l 1.192092895507812711758236813575084767080625169910490512847900390625e-6	# = hi
-> 1.192092895507812711758236813575084767080625169910490512847900390625D-6

l 1.1920928955078126058791184067875423835403125849552452564239501953124e-6	# avg-epsilon => lo
-> 1.1920928955078125D-6

l 1.1920928955078126058791184067875423835403125849552452564239501953126e-6	# avg+epsilon => hi
-> 1.192092895507812711758236813575084767080625169910490512847900390625D-6

d 80
-> Digits := 80

e 1.1920928955078125e-6									# = lo
-> 1.1920928955078125X-6

e 1.19209289550781250010339757656912845935892608650874535669572651386260986328125e-6	# = hi
-> 1.19209289550781250010339757656912845935892608650874535669572651386260986328125X-6

e 1.192092895507812500051698788284564229679463043254372678347863256931304931640624e-6	# avg-epsilon => lo
-> 1.1920928955078125X-6

e 1.192092895507812500051698788284564229679463043254372678347863256931304931640626e-6	# avg+epsilon => hi
-> 1.19209289550781250010339757656912845935892608650874535669572651386260986328125X-6

