Each line you enter will be parsed into tokens.

> MODULE
KeyWd(MODULE)
EndMarker()

> PRIVATE
KeyWd(PRIVATE)
EndMarker()

> END
KeyWd(END)
EndMarker()

> IMPORT
KeyWd(IMPORT)
EndMarker()

> CONST
KeyWd(CONST)
EndMarker()

> VAR
KeyWd(VAR)
EndMarker()

> PRED
KeyWd(PRED)
EndMarker()

> FUNC
KeyWd(FUNC)
EndMarker()

> PROC
KeyWd(PROC)
EndMarker()

> UI
KeyWd(UI)
EndMarker()

> IS
KeyWd(IS)
EndMarker()

> SKIP
KeyWd(SKIP)
EndMarker()

> ABORT
KeyWd(ABORT)
EndMarker()

> IF
KeyWd(IF)
EndMarker()

> FI
KeyWd(FI)
EndMarker()

> DO
KeyWd(DO)
EndMarker()

> OD
KeyWd(OD)
EndMarker()

> SAVE
KeyWd(SAVE)
EndMarker()

> IN
KeyWd(IN)
EndMarker()

> NIL
KeyWd(NIL)
EndMarker()

> TRUE
KeyWd(TRUE)
EndMarker()

> FALSE
KeyWd(FALSE)
EndMarker()

> OR
KeyWd(OR)
EndMarker()

> AND
KeyWd(AND)
EndMarker()

> NOT
KeyWd(NOT)
EndMarker()

> E
KeyWd(E)
EndMarker()

> CONG
KeyWd(CONG)
EndMarker()

> PARA
KeyWd(PARA)
EndMarker()

> HOR
KeyWd(HOR)
EndMarker()

> VER
KeyWd(VER)
EndMarker()

> REL
KeyWd(REL)
EndMarker()

> DIV
KeyWd(DIV)
EndMarker()

> MOD
KeyWd(MOD)
EndMarker()

> REAL
ResvdId(REAL)
EndMarker()

> TEXT
ResvdId(TEXT)
EndMarker()

> PAIR
ResvdId(PAIR)
EndMarker()

> INT
ResvdId(INT)
EndMarker()

> FLOOR
ResvdId(FLOOR)
EndMarker()

> CEILING
ResvdId(CEILING)
EndMarker()

> ROUND
ResvdId(ROUND)
EndMarker()

> ABS
ResvdId(ABS)
EndMarker()

> SIN
ResvdId(SIN)
EndMarker()

> COS
ResvdId(COS)
EndMarker()

> ATAN
ResvdId(ATAN)
EndMarker()

> LN
ResvdId(LN)
EndMarker()

> EXP
ResvdId(EXP)
EndMarker()

> CAR
ResvdId(CAR)
EndMarker()

> CDR
ResvdId(CDR)
EndMarker()

> MAX
ResvdId(MAX)
EndMarker()

> MIN
ResvdId(MIN)
EndMarker()

> ^D
