Each line you enter will be parsed into tokens.

> ;
Op(;)
EndMarker()

> .
Op(.)
EndMarker()

> ,
Op(,)
EndMarker()

> :
Op(:)
EndMarker()

> ~
Op(~)
EndMarker()

> =
Op(=)
EndMarker()

> :=
Op(:=)
EndMarker()

> ::
Op(::)
EndMarker()

> (
Op(()
EndMarker()

> )
Op())
EndMarker()

> {
Op({)
EndMarker()

> }
Op(})
EndMarker()

> [
Op([)
EndMarker()

> ]
Op(])
EndMarker()

> |
Op(|)
EndMarker()

> ->
Op(->)
EndMarker()

> #
Op(#)
EndMarker()

> <
Op(<)
EndMarker()

> >
Op(>)
EndMarker()

> >=
Op(>=)
EndMarker()

> <=
Op(<=)
EndMarker()

> +
Op(+)
EndMarker()

> -
Op(-)
EndMarker()

> *
Op(*)
EndMarker()

> /
Op(/)
EndMarker()

> &
Op(&)
EndMarker()

> ^D
