m NearestElseEven
-> "NearestElseEven"

r A 2 1.287e6		# "1.29e6",   ditto
-> "1.29e6"
-> "1.29e6"

r A 2 1.297e6		# "1.3e6",    ditto
-> "1.3e6"
-> "1.3e6"

r A 2 1.297e5		# "130000",   ditto + ".0"
-> "130000"
-> "130000.0"

r A 2 1.297e-5		# "0.000013", ditto
-> "0.000013"
-> "0.000013"

r A 2 1.297e-6		# "1.3e-6",   ditto
-> "1.3e-6"
-> "1.3e-6"

r A 2 9.997e5		# "1e6",      "1.0e6"
-> "1e6"
-> "1.0e6"

r A 2 9.997e-6		# "0.00001",  ditto
-> "0.00001"
-> "0.00001"

m NearestElseEven # -----------------------------------------------------------
-> "NearestElseEven"

r S 2 1.205		# " 1.20e+00", ditto
-> " 1.20e+00"
-> " 1.20e+00"

r S 2 1.205001		# " 1.21e+00", ditto
-> " 1.21e+00"
-> " 1.21e+00"

r S 2 1.214999		# " 1.21e+00", ditto
-> " 1.21e+00"
-> " 1.21e+00"

r S 2 1.215		# " 1.22e+00", ditto
-> " 1.22e+00"
-> " 1.22e+00"

r S 2 1.2150001		# " 1.22e+00", ditto
-> " 1.22e+00"
-> " 1.22e+00"

r S 2 -1.205		# "-1.20e+00", ditto
-> "-1.20e+00"
-> "-1.20e+00"

r S 2 -1.215		# "-1.22e+00", ditto
-> "-1.22e+00"
-> "-1.22e+00"

r S 2 9.899		# " 9.90e+00", ditto
-> " 9.90e+00"
-> " 9.90e+00"

r S 2 9.95		# " 9.95e+00", ditto
-> " 9.95e+00"
-> " 9.95e+00"

r F 2 1.00205e2		# "100.20",    ditto
-> "100.20"
-> "100.20"

r F 2 1.0020501e2	# "100.21",    ditto
-> "100.21"
-> "100.21"

r F 2 1.0021499e2	# "100.21",    ditto
-> "100.21"
-> "100.21"

r F 2 1.00215e2		# "100.22",    ditto
-> "100.22"
-> "100.22"

r F 2 1.00215001e2	# "100.22",    ditto
-> "100.22"
-> "100.22"

r F 4 1.205e-2		# "0.0120",    ditto
-> "0.0120"
-> "0.0120"

r F 4 1.205001e-2	# "0.0121",    ditto
-> "0.0121"
-> "0.0121"

r F 4 1.21499e-2	# "0.0121",    ditto
-> "0.0121"
-> "0.0121"

r F 4 1.215e-2		# "0.0122",    ditto
-> "0.0122"
-> "0.0122"

r F 4 1.215001e-2	# "0.0122",    ditto
-> "0.0122"
-> "0.0122"

r F 3 9.9989		# "9.999",     ditto
-> "9.999"
-> "9.999"

r F 3 9.999989e2	# "999.999",   ditto
-> "999.999"
-> "999.999"

r F 3 8.999989e1	# "90.000",    ditto
-> "90.000"
-> "90.000"

r S 0 9.995		# " 1e+01",    " 1.0e+01"
-> " 1e+01"
-> " 1.0e+01"

r S 1 9.995		# " 1.0e+01",  ditto
-> " 1.0e+01"
-> " 1.0e+01"

r S 2 9.995		# " 1.00e+01", ditto
-> " 1.00e+01"
-> " 1.00e+01"

r F 2 9.99995e1		# "100.00",    ditto
-> "100.00"
-> "100.00"

m NearestElseAwayFromZero # ---------------------------------------------------
-> "NearestElseAwayFromZero"

r S 2 1.205		# " 1.21e+00", ditto
-> " 1.21e+00"
-> " 1.21e+00"

r S 2 1.214999		# " 1.21e+00", ditto
-> " 1.21e+00"
-> " 1.21e+00"

r S 2 1.215		# " 1.22e+00", ditto
-> " 1.22e+00"
-> " 1.22e+00"

r S 2 9.899		# " 9.90e+00", ditto
-> " 9.90e+00"
-> " 9.90e+00"

r S 2 9.95		# " 9.95e+00", ditto
-> " 9.95e+00"
-> " 9.95e+00"

r S 2 -1.205		# "-1.21e+00", ditto
-> "-1.21e+00"
-> "-1.21e+00"

r S 2 -1.215		# "-1.22e+00", ditto
-> "-1.22e+00"
-> "-1.22e+00"

r F 2 1.00205e2		# "100.20",    ditto
-> "100.21"
-> "100.21"

r F 2 1.0020501e2	# "100.21",    ditto
-> "100.21"
-> "100.21"

r F 2 1.0021499e2	# "100.21",    ditto
-> "100.21"
-> "100.21"

r F 2 1.00215e2		# "100.22",    ditto
-> "100.22"
-> "100.22"

r F 2 1.00215001e2	# "100.22",    ditto
-> "100.22"
-> "100.22"

r F 4 1.205e-2		# "0.0120",    ditto
-> "0.0121"
-> "0.0121"

r F 4 1.205001e-2	# "0.0121",    ditto
-> "0.0121"
-> "0.0121"

r F 4 1.21499e-2	# "0.0121",    ditto
-> "0.0121"
-> "0.0121"

r F 4 1.215e-2		# "0.0122",    ditto
-> "0.0122"
-> "0.0122"

r F 4 1.215001e-2	# "0.0122",    ditto
-> "0.0122"
-> "0.0122"

r F 3 9.9989		# "9.999",     ditto
-> "9.999"
-> "9.999"

r F 3 9.999989e2	# "999.999",   ditto
-> "999.999"
-> "999.999"

r F 3 8.999989e1	# "90.000",    ditto
-> "90.000"
-> "90.000"

r S 0 9.995		# " 1e+01",    " 1.0e+01"
-> " 1e+01"
-> " 1.0e+01"

r S 1 9.995		# " 1.0e+01",  ditto
-> " 1.0e+01"
-> " 1.0e+01"

r S 2 9.995		# " 1.00e+01", ditto
-> " 1.00e+01"
-> " 1.00e+01"

r F 2 9.99995e1		# "100.00",    ditto
-> "100.00"
-> "100.00"

m TowardMinusInfinity # -------------------------------------------------------
-> "TowardMinusInfinity"

r S 2 1.2099		# " 1.20e+00", ditto
-> " 1.20e+00"
-> " 1.20e+00"

r S 2 -1.2001		# "-1.21e+00", ditto
-> "-1.21e+00"
-> "-1.21e+00"

r S 2 -9.99001		# "-1.00e+01", ditto
-> "-1.00e+01"
-> "-1.00e+01"

m TowardPlusInfinity # --------------------------------------------------------
-> "TowardPlusInfinity"

r S 2 1.2001		# " 1.21e+00", ditto
-> " 1.21e+00"
-> " 1.21e+00"

r S 2 -1.2099		# "-1.20e+00", ditto
-> "-1.20e+00"
-> "-1.20e+00"

r S 2 9.99001		# " 1.00e+01", ditto
-> " 1.00e+01"
-> " 1.00e+01"

m TowardZero # ----------------------------------------------------------------
-> "TowardZero"

r S 2 1.2099		# " 1.20e+00", ditto
-> " 1.20e+00"
-> " 1.20e+00"

r S 2 -1.2099		# "-1.20e+00", ditto
-> "-1.20e+00"
-> "-1.20e+00"

r S 2 9.99999		# " 9.99e+00", ditto
-> " 9.99e+00"
-> " 9.99e+00"

r S 2 -9.99999		# "-9.99e+00", ditto
-> "-9.99e+00"
-> "-9.99e+00"

