s		# => <no value>, ""
-> 
-> ""

s abc		# => "abc", ""
-> abc
-> ""

s abc def	# => "abc", " def"
-> abc
-> " def"

s  01234567890123456789012345678901234567890123456789012345678901234567890123456789012345678901234567890123456789012345678901234567890123456789012345678901234567890123456789012345678901234567890123456789012345678901234567890123456789012345678901234567890123456789012345678901234567890123456789		long line
-> 01234567890123456789012345678901234567890123456789012345678901234567890123456789012345678901234567890123456789012345678901234567890123456789012345678901234567890123456789012345678901234567890123456789012345678901234567890123456789012345678901234567890123456789012345678901234567890123456789
-> "		long line"

m a abcde	# => "a", "bcde"
-> a
-> "bcde"

m abc abc	# => "abc", ""
-> abc
-> ""

m abc abcde	# => "abc", "de"
-> abc
-> "de"

b true		# => TRUE, ""
-> TRUE
-> ""

b trueXYZ	# => TRUE, "XYZ"
-> TRUE
-> "XYZ"

b TRUEXYZ	# => TRUE, "XYZ"
-> TRUE
-> "XYZ"

b TrUeXYZ	# => TRUE, "XYZ"
-> TRUE
-> "XYZ"

b falseXYZ	# => FALSE, "XYZ"
-> FALSE
-> "XYZ"

b FALSEXYZ	# => FALSE, "XYZ"
-> FALSE
-> "XYZ"

b FaLsEXYZ	# => FALSE, "XYZ"
-> FALSE
-> "XYZ"

i +5ABC		# => 5, "ABC"
-> 5
-> "ABC"

i -52ABC	# => -52, "ABC"
-> -52
-> "ABC"

i 1_0000	# => 1, "_0000"
-> 1
-> "_0000"

i 17_1234	# => 17, "_1234"
-> 17
-> "_1234"

I 3 10_12ABC	# => 3_110, "ABC"
-> 3_110
-> "ABC"

i 02_101ABC	# => 2, "_101ABC"
-> 2
-> "_101ABC"

i 016_ABC	# => 16, "_ABC"
-> 16
-> "_ABC"

i -2_1010ABC	# => -10, "ABC"
-> -10
-> "ABC"

I 2 -1010ABC	# => -2_1010, "ABC"
-> -2_1010
-> "ABC"

i 8_000377XYZ	# => 255, "XYZ"
-> 255
-> "XYZ"

i 15_789ABCXYZ	# => 5753427, "XYZ"
-> 5753427
-> "XYZ"

I 15 789ABCXYZ  # => 15_789abc, "XYZ"
-> 15_789abc
-> "XYZ"

i 16_00FfXYZ	# => 255, "XYZ"
-> 255
-> "XYZ"

u 00fFXYZ	# => ff, "XYZ"
-> ff
-> "XYZ"

u 100XYZ	# => 100, "XYZ"
-> 100
-> "XYZ"

u AXYZ		# => a, "XYZ"
-> a
-> "XYZ"

u 2_1010ABC	# => a, "ABC"
-> a
-> "ABC"

u 10_255ABC	# => ff, "ABC"
-> ff
-> "ABC"

r 1ABC		# => 1.E0, "ABC"
-> 1
-> "ABC"

r -1ABC		# => -1.E0, "ABC"
-> -1
-> "ABC"

r .5.		# => 5.E-1, "."
-> 0.5
-> "."

r .0.		# => 0.E0, "."
-> 0
-> "."

r 0.0.		# => 0.E0, "."
-> 0
-> "."

r 0..		# => 0.E0, "."
-> 0
-> "."

r 1.0e2_101	# => 1.E2, "_101"
-> 100
-> "_101"

r 0.5		# => 0.5, ""
-> 0.5
-> ""

r 1.5e3ABC	# => 1.5E3, "ABC"
-> 1500
-> "ABC"

r 1.5E3ABC	# => 1.5E3, "ABC"
-> 1500
-> "ABC"

r 1.5d3ABC	# => 1.5E3, "ABC"
-> 1500
-> "ABC"

r 1.5D3ABC	# => 1.5E3, "ABC"
-> 1500
-> "ABC"

r 1.5x3ABC	# => 1.5E3, "ABC"
-> 1500
-> "ABC"

r 1.5X3ABC	# => 1.5E3, "ABC"
-> 1500
-> "ABC"

l 1.5e3ABC	# => 1.5D3, "ABC"
-> 1500
-> "ABC"

l 1.5E3ABC	# => 1.5D3, "ABC"
-> 1500
-> "ABC"

l 1.5d3ABC	# => 1.5D3, "ABC"
-> 1500
-> "ABC"

l 1.5D3ABC	# => 1.5D3, "ABC"
-> 1500
-> "ABC"

l 1.5x3ABC	# => 1.5D3, "ABC"
-> 1500
-> "ABC"

l 1.5X3ABC	# => 1.5D3, "ABC"
-> 1500
-> "ABC"

e 1.5e3ABC	# => 1.5D3, "ABC"
-> 1500
-> "ABC"

e 1.5E3ABC	# => 1.5D3, "ABC"
-> 1500
-> "ABC"

e 1.5d3ABC	# => 1.5D3, "ABC"
-> 1500
-> "ABC"

e 1.5D3ABC	# => 1.5D3, "ABC"
-> 1500
-> "ABC"

e 1.5x3ABC	# => 1.5D3, "ABC"
-> 1500
-> "ABC"

e 1.5X3ABC	# => 1.5D3, "ABC"
-> 1500
-> "ABC"

