r 0.12345abc
-> 0.12345
-> "abc"

r 12.345abc
-> 12.345
-> "abc"

r 1234.5abc
-> 1234.5
-> "abc"

r 1.2345e-1abc
-> 0.12345
-> "abc"

r 1.2345e1abc
-> 12.345
-> "abc"

r 1.2345e12abc
-> 1.2345e12
-> "abc"

r 0.00000000000000000001234567890123456789abc
-> 1.2345679e-20
-> "abc"

r 0.00000000012345678901234567890123456789abc
-> 1.2345679e-10
-> "abc"

r 1.23456789012345678901234567890123456789abc
-> 1.2345679
-> "abc"

r 123456789.01234567890123456789012345678901234567890123456789abc
-> 1.2345679e8
-> "abc"

r 1234567890123456789.0123456789012345678901234567890123456789abc
-> 1.234568e18
-> "abc"

r 12345678901234567890123456789.012345678901234567890123456789abc
-> 1.2345679e28
-> "abc"

r 123
-> 123
-> ""

r 123a
-> 123
-> "a"

