(((status "Paused") (snapshotName "bandana.snap") (snapshot "/tmp_mnt/bamboozle/r/dlusers4/mann/animation/wheeler/src/bandana.snap") (sessName "Wheeler") (restoreShortcut "") (restoreName "") (restore "") (recordName "") (recordBtnText "Record ...") (record "") (priority 1) (playbackName "") (playbackBtnText "Playback ...") (playback "") (photoWidth "30.0") (photoHeight "30.0") (minDelayText "0.10") (minDelayFrac 10) (maxSpeedFactor "10.0") (inTrestle FALSE) (goText "RESUME") (error "") (delayText "0.2783") (delay 300) (codeDelayText "0.40") (codeDelayFrac 40) (VersionTxt "Version") (TITLEWheeler "Wheeler")) ((InTrestle FALSE) (Session "Wheeler") (ScreenPos 0 104 137 501 778) (FV ((views "") (showButtons 0) (eventDataT 1) (eventDataBool TRUE) (dataFormT 1) (dataFormBool TRUE) (algs 0) (algT 1) (algName "Wheeler Block Sort") (algBool TRUE))) ((Alg "Wheeler.Wheeler Block Sort") (((waitatCodeEvents 1) (waitAtStartResult 1) (waitAtStartReconstruct 1) (waitAtStartPermute 1) (waitAtStartEncode 1) (waitAtStartDecode 1) (waitAtRotationsSorted 1) (waitAtReveal 1) (waitAtResultNextChar 1) (waitAtPermuteDone 1) (waitAtNextRotation 1) (waitAtInitDecode 1) (waitAtFirstChars 1) (waitAtFinishCharRun 1) (waitAtEqualChars 1) (waitAtEndResult 1) (waitAtEncodeNextChar 1) (waitAtEncodeFoundCode 1) (waitAtEncodeDone 1) (waitAtEncodeDistinctCount 1) (waitAtDecodeNextCode 1) (waitAtDecodeFoundChar 1) (waitAtDecodeDone 1) (waitAtDecodeDistinctCount 1) (waitAtConsiderChar 1) (stopatCodeEvents FALSE) (stopAtStartResult TRUE) (stopAtStartReconstruct TRUE) (stopAtStartPermute TRUE) (stopAtStartEncode TRUE) (stopAtStartDecode TRUE) (stopAtRotationsSorted TRUE) (stopAtReveal FALSE) (stopAtResultNextChar TRUE) (stopAtPermuteDone TRUE) (stopAtNextRotation TRUE) (stopAtInitDecode TRUE) (stopAtFirstChars TRUE) (stopAtFinishCharRun FALSE) (stopAtEqualChars TRUE) (stopAtEndResult TRUE) (stopAtEncodeNextChar TRUE) (stopAtEncodeFoundCode TRUE) (stopAtEncodeDone TRUE) (stopAtEncodeDistinctCount TRUE) (stopAtDecodeNextCode TRUE) (stopAtDecodeFoundChar TRUE) (stopAtDecodeDone TRUE) (stopAtDecodeDistinctCount TRUE) (stopAtConsiderChar TRUE) (ctOfStartResult "0") (ctOfStartReconstruct "0") (ctOfStartPermute "0") (ctOfStartEncode "0") (ctOfStartDecode "0") (ctOfRotationsSorted "0") (ctOfReveal "0") (ctOfResultNextChar "0") (ctOfPermuteDone "0") (ctOfNextRotation "0") (ctOfInitDecode "0") (ctOfFirstChars "0") (ctOfFinishCharRun "0") (ctOfEqualChars "0") (ctOfEndResult "0") (ctOfEncodeNextChar "0") (ctOfEncodeFoundCode "0") (ctOfEncodeDone "0") (ctOfEncodeDistinctCount "0") (ctOfDecodeNextCode "0") (ctOfDecodeFoundChar "0") (ctOfDecodeDone "0") (ctOfDecodeDistinctCount "0") (ctOfConsiderChar "0")) (((string "bandana") (pause TRUE) (finalOnly FALSE) (alphabet "abdn")) ()))) (((View "Wheeler.Compress.obl") (ScreenPos 1 4 27 492 482)) ((View "Wheeler.Decompress.obl") (ScreenPos 1 531 29 1019 432)))))
